<html>
<body>
<pre>
<h1>µVision Build Log</h1>
<h2>Tool Versions:</h2>
IDE-Version: µVision V5.38.0.0
Copyright (C) 2022 ARM Ltd and ARM Germany GmbH. All rights reserved.
License Information: Vedant Rokad, Nirma, LIC=----
 
Tool Versions:
Toolchain:       MDK-Lite  Version: 5.38.0.0
Toolchain Path:  C:\Keil_v5\ARM\ARMCLANG\Bin
C Compiler:      ArmClang.exe V6.19
Assembler:       Armasm.exe V6.19
Linker/Locator:  ArmLink.exe V6.19
Library Manager: ArmAr.exe V6.19
Hex Converter:   FromElf.exe V6.19
CPU DLL:         SARMCM3.DLL V5.38.0.0
Dialog DLL:      DCM.DLL V1.17.5.0
Target DLL:      STLink\ST-LINKIII-KEIL_SWO.dll V3.1.0.0
Dialog DLL:      TCM.DLL V1.56.4.0
 
<h2>Project:</h2>
E:\Outcome\KEIL\I2C\stm32f103xx_i2c\stm32f103xx_i2c.uvprojx
Project File Date:  03/23/2023

<h2>Output:</h2>
*** Using Compiler 'V6.19', folder: 'C:\Keil_v5\ARM\ARMCLANG\Bin'
Rebuild target 'Target 1'
test.c(1): warning: In file included from...
./stm32f103xx_gpio.h(2): warning: In file included from...
C:/Users/rokad/AppData/Local/Arm/Packs/Keil/STM32F1xx_DFP/2.4.0/Device/Include\stm32f10x.h(18): warning: invalid UTF-8 in comment [-Winvalid-utf8]
  *              - To use or not the peripheral<92>s drivers in application code(i.e. 
                                               ^
C:/Users/rokad/AppData/Local/Arm/Packs/Keil/STM32F1xx_DFP/2.4.0/Device/Include\stm32f10x.h(19): warning: invalid UTF-8 in comment [-Winvalid-utf8]
  *                code will be based on direct access to peripheral<92>s registers 
                                                                    ^
C:/Users/rokad/AppData/Local/Arm/Packs/Keil/STM32F1xx_DFP/2.4.0/Device/Include\stm32f10x.h(26): warning: invalid UTF-8 in comment [-Winvalid-utf8]
  *           - Macros to access peripheral<92>s registers hardware
                                           ^
test.c(2): warning: In file included from...
./stm32f103xx_i2c.h(17): warning: // comments are not allowed in this language [-Wcomment]
/////////////////////////////////////////////////////////////////////////////////////////
^
test.c(6): warning: a function declaration without a prototype is deprecated in all versions of C [-Wstrict-prototypes]
int main()
        ^
         void
test.c(33): warning: // comments are not allowed in this language [-Wcomment]
//      I2C_MasterSendData(&i2ctest,(uint8_t*)a,sizeof(a),0x68);
^
test.c(8): warning: unused variable 'a' [-Wunused-variable]
        char a[] = "hello world";
             ^
7 warnings generated.
compiling test.c...
assembling startup_stm32f10x_md.s...
stm32f103xx_gpio.c(2): warning: In file included from...
C:/Users/rokad/AppData/Local/Arm/Packs/Keil/STM32F1xx_DFP/2.4.0/Device/Include\stm32f10x.h(18): warning: invalid UTF-8 in comment [-Winvalid-utf8]
  *              - To use or not the peripheral<92>s drivers in application code(i.e. 
                                               ^
C:/Users/rokad/AppData/Local/Arm/Packs/Keil/STM32F1xx_DFP/2.4.0/Device/Include\stm32f10x.h(19): warning: invalid UTF-8 in comment [-Winvalid-utf8]
  *                code will be based on direct access to peripheral<92>s registers 
                                                                    ^
C:/Users/rokad/AppData/Local/Arm/Packs/Keil/STM32F1xx_DFP/2.4.0/Device/Include\stm32f10x.h(26): warning: invalid UTF-8 in comment [-Winvalid-utf8]
  *           - Macros to access peripheral<92>s registers hardware
                                           ^
stm32f103xx_gpio.c(45): warning: implicit conversion changes signedness: 'int' to 'unsigned int' [-Wsign-conversion]
                        RCC->APB2ENR &= ~(1<<2);
                                     ~~ ^~~~~~~
stm32f103xx_gpio.c(49): warning: implicit conversion changes signedness: 'int' to 'unsigned int' [-Wsign-conversion]
                        RCC->APB2ENR &= ~(1<<3);
                                     ~~ ^~~~~~~
stm32f103xx_gpio.c(53): warning: implicit conversion changes signedness: 'int' to 'unsigned int' [-Wsign-conversion]
                        RCC->APB2ENR &= ~(1<<4);
                                     ~~ ^~~~~~~
stm32f103xx_gpio.c(57): warning: implicit conversion changes signedness: 'int' to 'unsigned int' [-Wsign-conversion]
                        RCC->APB2ENR &= ~(1<<5);
                                     ~~ ^~~~~~~
stm32f103xx_gpio.c(61): warning: implicit conversion changes signedness: 'int' to 'unsigned int' [-Wsign-conversion]
                        RCC->APB2ENR &= ~(1<<6);
                                     ~~ ^~~~~~~
stm32f103xx_gpio.c(65): warning: implicit conversion changes signedness: 'int' to 'unsigned int' [-Wsign-conversion]
                        RCC->APB2ENR &= ~(1<<7);
                                     ~~ ^~~~~~~
stm32f103xx_gpio.c(69): warning: implicit conversion changes signedness: 'int' to 'unsigned int' [-Wsign-conversion]
                        RCC->APB2ENR &= ~(1<<8);
                                     ~~ ^~~~~~~
stm32f103xx_gpio.c(85): warning: implicit conversion changes signedness: 'int' to 'unsigned int' [-Wsign-conversion]
                        pGPIOHandle->pGPIOx->CRL &= ~(0xF<<(temp2*4));
                                                 ~~ ^~~~~~~~~~~~~~~~~
stm32f103xx_gpio.c(92): warning: implicit conversion changes signedness: 'int' to 'unsigned int' [-Wsign-conversion]
                        pGPIOHandle->pGPIOx->CRH &= ~(0xF<<(temp2*4));
                                                 ~~ ^~~~~~~~~~~~~~~~~
stm32f103xx_gpio.c(120): warning: implicit conversion loses integer precision: 'unsigned int' to 'uint8_t' (aka 'unsigned char') [-Wimplicit-int-conversion]
                var1 = pGPIOHandle->GPIO_PinConfig.GPIO_PinNumber/4;
                     ~ ~~~~~~~~~~~~~~~~~~~~~~~~~~~~~~~~~~~~~~~~~~^~
stm32f103xx_gpio.c(124): warning: implicit conversion changes signedness: 'int' to 'unsigned int' [-Wsign-conversion]
                AFIO->EXTICR[var1] |= (portcode<<(var2*4));
                                   ~~  ~~~~~~~~^~~~~~~~~~
stm32f103xx_gpio.c(119): warning: mixing declarations and code is a C99 extension [-Wdeclaration-after-statement]
                uint8_t var1 =0 , var2 =0;
                        ^
15 warnings generated.
compiling stm32f103xx_gpio.c...
stm32f103xx_i2c.c(12): warning: In file included from...
C:/Users/rokad/AppData/Local/Arm/Packs/Keil/STM32F1xx_DFP/2.4.0/Device/Include\stm32f10x.h(18): warning: invalid UTF-8 in comment [-Winvalid-utf8]
  *              - To use or not the peripheral<92>s drivers in application code(i.e. 
                                               ^
C:/Users/rokad/AppData/Local/Arm/Packs/Keil/STM32F1xx_DFP/2.4.0/Device/Include\stm32f10x.h(19): warning: invalid UTF-8 in comment [-Winvalid-utf8]
  *                code will be based on direct access to peripheral<92>s registers 
                                                                    ^
C:/Users/rokad/AppData/Local/Arm/Packs/Keil/STM32F1xx_DFP/2.4.0/Device/Include\stm32f10x.h(26): warning: invalid UTF-8 in comment [-Winvalid-utf8]
  *           - Macros to access peripheral<92>s registers hardware
                                           ^
stm32f103xx_i2c.c(13): warning: In file included from...
./stm32f103xx_i2c.h(17): warning: // comments are not allowed in this language [-Wcomment]
/////////////////////////////////////////////////////////////////////////////////////////
^
stm32f103xx_i2c.c(22): warning: // comments are not allowed in this language [-Wcomment]
/////////////////////////////////////////////////////////////////////////////////////////
^
stm32f103xx_i2c.c(39): warning: implicit conversion changes signedness: 'int' to 'unsigned int' [-Wsign-conversion]
                                RCC->APB1ENR &= ~(1<<21);
                                             ~~ ^~~~~~~~
stm32f103xx_i2c.c(41): warning: implicit conversion changes signedness: 'int' to 'unsigned int' [-Wsign-conversion]
                                RCC->APB1ENR &= ~(1<<22);
                                             ~~ ^~~~~~~~
stm32f103xx_i2c.c(134): warning: implicit conversion loses integer precision: 'int' to 'uint16_t' (aka 'unsigned short') [-Wimplicit-int-conversion]
        pi2cHandler->pI2Cx->DR = (Slaveaddr<<1);
                               ~  ~~~~~~~~~^~~
stm32f103xx_i2c.c(169): warning: implicit conversion loses integer precision: 'int' to 'uint8_t' (aka 'unsigned char') [-Wimplicit-int-conversion]
        Slaveaddr = (Slaveaddr << 1) ;
                  ~  ~~~~~~~~~~^~~~
stm32f103xx_i2c.c(188): warning: implicit conversion loses integer precision: 'volatile uint16_t' (aka 'volatile unsigned short') to 'uint8_t' (aka 'unsigned char') [-Wimplicit-int-conversion]
                *pRxBuffer = pi2cHandler->pI2Cx->DR;
                           ~ ~~~~~~~~~~~~~~~~~~~~^~
stm32f103xx_i2c.c(208): warning: implicit conversion loses integer precision: 'volatile uint16_t' (aka 'volatile unsigned short') to 'uint8_t' (aka 'unsigned char') [-Wimplicit-int-conversion]
                                *pRxBuffer = pi2cHandler->pI2Cx->DR;
                                           ~ ~~~~~~~~~~~~~~~~~~~~^~
stm32f103xx_i2c.c(312): warning: implicit conversion loses integer precision: 'int' to 'uint8_t' (aka 'unsigned char') [-Wimplicit-int-conversion]
        SlaveADDR = SlaveADDR << 1 ;
                  ~ ~~~~~~~~~~^~~~
stm32f103xx_i2c.c(332): warning: implicit conversion loses integer precision: 'int' to 'uint8_t' (aka 'unsigned char') [-Wimplicit-int-conversion]
        SlaveADDR = SlaveADDR << 1 ;
                  ~ ~~~~~~~~~~^~~~
stm32f103xx_i2c.c(330): warning: unused function 'I2C_EcxicuteADDR_Read' [-Wunused-function]
static void I2C_EcxicuteADDR_Read(I2C_TypeDef *pI2Cx ,uint8_t SlaveADDR)
            ^
14 warnings generated.
compiling stm32f103xx_i2c.c...
RTE/Device/STM32F103C8/system_stm32f10x.c(64): warning: In file included from...
C:/Users/rokad/AppData/Local/Arm/Packs/Keil/STM32F1xx_DFP/2.4.0/Device/Include\stm32f10x.h(18): warning: invalid UTF-8 in comment [-Winvalid-utf8]
  *              - To use or not the peripheral<92>s drivers in application code(i.e. 
                                               ^
C:/Users/rokad/AppData/Local/Arm/Packs/Keil/STM32F1xx_DFP/2.4.0/Device/Include\stm32f10x.h(19): warning: invalid UTF-8 in comment [-Winvalid-utf8]
  *                code will be based on direct access to peripheral<92>s registers 
                                                                    ^
C:/Users/rokad/AppData/Local/Arm/Packs/Keil/STM32F1xx_DFP/2.4.0/Device/Include\stm32f10x.h(26): warning: invalid UTF-8 in comment [-Winvalid-utf8]
  *           - Macros to access peripheral<92>s registers hardware
                                           ^
RTE/Device/STM32F103C8/system_stm32f10x.c(166): warning: no previous extern declaration for non-static variable 'AHBPrescTable' [-Wmissing-variable-declarations]
__I uint8_t AHBPrescTable[16] = {0, 0, 0, 0, 0, 0, 0, 0, 1, 2, 3, 4, 6, 7, 8, 9};
            ^
RTE/Device/STM32F103C8/system_stm32f10x.c(166): note: declare 'static' if the variable is not intended to be used outside of this translation unit
__I uint8_t AHBPrescTable[16] = {0, 0, 0, 0, 0, 0, 0, 0, 1, 2, 3, 4, 6, 7, 8, 9};
    ^
4 warnings generated.
compiling system_stm32f10x.c...
linking...
Program Size: Code=1864 RO-data=252 RW-data=0 ZI-data=1632  
".\Objects\stm32f103xx_i2c.axf" - 0 Error(s), 40 Warning(s).

<h2>Software Packages used:</h2>

Package Vendor: ARM
                http://www.keil.com/pack/ARM.CMSIS.5.9.0.pack
                ARM.CMSIS.5.9.0
                CMSIS (Common Microcontroller Software Interface Standard)
   * Component: CORE Version: 5.6.0

Package Vendor: Keil
                http://www.keil.com/pack/Keil.STM32F1xx_DFP.2.4.0.pack
                Keil.STM32F1xx_DFP.2.4.0
                STMicroelectronics STM32F1 Series Device Support, Drivers and Examples
   * Component: Startup Version: 1.0.0

<h2>Collection of Component include folders:</h2>
  ./RTE/Device/STM32F103C8
  ./RTE/_Target_1
  C:/Users/rokad/AppData/Local/Arm/Packs/ARM/CMSIS/5.9.0/CMSIS/Core/Include
  C:/Users/rokad/AppData/Local/Arm/Packs/Keil/STM32F1xx_DFP/2.4.0/Device/Include

<h2>Collection of Component Files used:</h2>

   * Component: ARM::CMSIS:CORE:5.6.0

   * Component: Keil::Device:Startup:1.0.0
      Source file:   Device/Source/ARM/STM32F1xx_OPT.s
      Source file:   Device/Source/ARM/startup_stm32f10x_md.s
      Include file:  RTE_Driver/Config/RTE_Device.h
      Source file:   Device/Source/system_stm32f10x.c
Build Time Elapsed:  00:00:02
</pre>
</body>
</html>
